2024-04-02 03:03:03 Loading main app package /usr/lib/obsidian/obsidian.asar
2024-04-02 03:03:04 Checking for update using Github
2024-04-02 03:03:04 Failed to check for update using Github (net::ERR_CONNECTION_REFUSED)
2024-04-02 03:03:04 Checking for update using obsidian.md
2024-04-02 03:03:05 Failed to check for update using obsidian.md (Unexpected end of JSON input)
2024-04-02 03:13:54 Loading main app package /usr/lib/obsidian/obsidian.asar
2024-04-02 03:13:54 Checking for update using Github
2024-04-02 03:13:54 Failed to check for update using Github (net::ERR_CONNECTION_REFUSED)
2024-04-02 03:13:54 Checking for update using obsidian.md
2024-04-02 03:13:55 Failed to check for update using obsidian.md (Unexpected end of JSON input)
2024-04-02 04:31:45 Checking for update using Github
2024-04-02 04:31:45 Failed to check for update using Github (net::ERR_CONNECTION_REFUSED)
2024-04-02 04:31:45 Checking for update using obsidian.md
2024-04-02 04:31:46 Failed to check for update using obsidian.md (Unexpected end of JSON input)
2024-04-02 05:31:45 Checking for update using Github
2024-04-02 05:31:45 Failed to check for update using Github (net::ERR_CONNECTION_REFUSED)
2024-04-02 05:31:45 Checking for update using obsidian.md
2024-04-02 05:31:46 Failed to check for update using obsidian.md (Unexpected end of JSON input)
2024-04-02 06:31:45 Checking for update using Github
2024-04-02 06:31:45 Failed to check for update using Github (net::ERR_CONNECTION_REFUSED)
2024-04-02 06:31:45 Checking for update using obsidian.md
2024-04-02 06:31:46 Failed to check for update using obsidian.md (Unexpected end of JSON input)
2024-04-02 07:31:45 Checking for update using Github
2024-04-02 07:31:45 Failed to check for update using Github (net::ERR_CONNECTION_REFUSED)
2024-04-02 07:31:45 Checking for update using obsidian.md
2024-04-02 07:31:46 Failed to check for update using obsidian.md (Unexpected end of JSON input)
2024-04-02 08:06:08 Loading main app package /usr/lib/obsidian/obsidian.asar
2024-04-02 08:06:08 Checking for update using Github
2024-04-02 08:06:08 Failed to check for update using Github (net::ERR_CONNECTION_REFUSED)
2024-04-02 08:06:08 Checking for update using obsidian.md
2024-04-02 08:06:09 Failed to check for update using obsidian.md (Unexpected end of JSON input)
2024-04-02 08:07:19 Loading main app package /usr/lib/obsidian/obsidian.asar
2024-04-02 08:07:19 Checking for update using Github
2024-04-02 08:07:19 Failed to check for update using Github (net::ERR_CONNECTION_REFUSED)
2024-04-02 08:07:19 Checking for update using obsidian.md
2024-04-02 08:07:20 Failed to check for update using obsidian.md (Unexpected end of JSON input)
2024-04-02 08:44:28 Loading main app package /usr/lib/obsidian/obsidian.asar
2024-04-02 08:44:29 Checking for update using Github
2024-04-02 08:44:29 Failed to check for update using Github (net::ERR_CONNECTION_REFUSED)
2024-04-02 08:44:29 Checking for update using obsidian.md
2024-04-02 08:44:30 Failed to check for update using obsidian.md (Unexpected end of JSON input)
2024-04-02 08:48:50 Loading main app package /usr/lib/obsidian/obsidian.asar
2024-04-02 08:48:50 Checking for update using Github
2024-04-02 08:48:50 Failed to check for update using Github (net::ERR_CONNECTION_REFUSED)
2024-04-02 08:48:50 Checking for update using obsidian.md
2024-04-02 08:48:51 Failed to check for update using obsidian.md (Unexpected end of JSON input)
2024-04-02 08:50:36 Loading main app package /usr/lib/obsidian/obsidian.asar
2024-04-02 08:50:36 Checking for update using Github
2024-04-02 08:50:37 Failed to check for update using Github (net::ERR_CONNECTION_REFUSED)
2024-04-02 08:50:37 Checking for update using obsidian.md
2024-04-02 08:50:39 Failed to check for update using obsidian.md (Unexpected end of JSON input)
2024-04-02 08:57:31 Loading main app package /usr/lib/obsidian/obsidian.asar
2024-04-02 08:57:32 Checking for update using Github
2024-04-02 08:57:32 Failed to check for update using Github (net::ERR_CONNECTION_REFUSED)
2024-04-02 08:57:32 Checking for update using obsidian.md
2024-04-02 08:57:35 Failed to check for update using obsidian.md (Unexpected end of JSON input)
2024-04-02 09:11:30 Loading main app package /usr/lib/obsidian/obsidian.asar
2024-04-02 09:11:30 Checking for update using Github
2024-04-02 09:11:30 Failed to check for update using Github (net::ERR_CONNECTION_REFUSED)
2024-04-02 09:11:30 Checking for update using obsidian.md
2024-04-02 09:11:31 Failed to check for update using obsidian.md (Unexpected end of JSON input)
2024-04-02 11:53:31 Checking for update using Github
2024-04-02 11:53:31 Failed to check for update using Github (net::ERR_CONNECTION_REFUSED)
2024-04-02 11:53:31 Checking for update using obsidian.md
2024-04-02 11:53:32 Failed to check for update using obsidian.md (Unexpected end of JSON input)
2024-04-02 13:18:12 Loading main app package /usr/lib/obsidian/obsidian.asar
2024-04-02 13:18:12 Checking for update using Github
2024-04-02 13:18:12 Failed to check for update using Github (net::ERR_CONNECTION_REFUSED)
2024-04-02 13:18:12 Checking for update using obsidian.md
2024-04-02 13:18:13 Failed to check for update using obsidian.md (Unexpected end of JSON input)
2024-04-02 15:10:36 Loading main app package /usr/lib/obsidian/obsidian.asar
2024-04-02 15:10:36 Checking for update using Github
2024-04-02 15:10:37 Failed to check for update using Github (net::ERR_CONNECTION_REFUSED)
2024-04-02 15:10:37 Checking for update using obsidian.md
2024-04-02 15:10:38 Failed to check for update using obsidian.md (Unexpected end of JSON input)
2024-04-03 02:00:35 Loading main app package /usr/lib/obsidian/obsidian.asar
2024-04-03 02:00:35 Checking for update using Github
2024-04-03 02:00:36 Failed to check for update using Github (net::ERR_CONNECTION_REFUSED)
2024-04-03 02:00:36 Checking for update using obsidian.md
2024-04-03 02:00:37 Failed to check for update using obsidian.md (Unexpected end of JSON input)
2024-04-03 02:11:48 Loading main app package /usr/lib/obsidian/obsidian.asar
2024-04-03 02:11:48 Checking for update using Github
2024-04-03 02:11:59 Loading main app package /usr/lib/obsidian/obsidian.asar
2024-04-03 02:11:59 Checking for update using Github
2024-04-03 02:12:36 Loading main app package /usr/lib/obsidian/obsidian.asar
2024-04-03 02:12:36 Checking for update using Github
2024-04-03 02:12:36 Failed to check for update using Github (net::ERR_CONNECTION_REFUSED)
2024-04-03 02:12:36 Checking for update using obsidian.md
2024-04-03 02:12:37 Failed to check for update using obsidian.md (Unexpected end of JSON input)
2024-04-03 02:16:24 Loading main app package /usr/lib/obsidian/obsidian.asar
2024-04-03 02:16:25 Checking for update using Github
2024-04-03 02:16:25 Failed to check for update using Github (net::ERR_CONNECTION_REFUSED)
2024-04-03 02:16:25 Checking for update using obsidian.md
2024-04-03 02:16:26 Failed to check for update using obsidian.md (Unexpected end of JSON input)
2024-04-03 02:16:42 Loading main app package /usr/lib/obsidian/obsidian.asar
2024-04-03 02:16:42 Checking for update using Github
2024-04-03 02:16:42 Failed to check for update using Github (net::ERR_CONNECTION_REFUSED)
2024-04-03 02:16:42 Checking for update using obsidian.md
2024-04-03 02:16:43 Failed to check for update using obsidian.md (Unexpected end of JSON input)
2024-04-03 02:17:00 Loading main app package /usr/lib/obsidian/obsidian.asar
2024-04-03 02:17:00 Checking for update using Github
2024-04-03 02:17:00 Failed to check for update using Github (net::ERR_CONNECTION_REFUSED)
2024-04-03 02:17:00 Checking for update using obsidian.md
2024-04-03 02:17:01 Failed to check for update using obsidian.md (Unexpected end of JSON input)
2024-04-03 02:17:46 Loading main app package /usr/lib/obsidian/obsidian.asar
2024-04-03 02:17:47 Checking for update using Github
2024-04-03 02:17:47 Success.
2024-04-03 02:17:47 Latest version is 1.5.12
2024-04-03 02:17:47 App is up to date.
2024-04-03 02:18:35 Loading main app package /usr/lib/obsidian/obsidian.asar
2024-04-03 02:18:35 Checking for update using Github
2024-04-03 02:18:35 Success.
2024-04-03 02:18:35 Latest version is 1.5.12
2024-04-03 02:18:35 App is up to date.
2024-04-03 02:21:04 Loading main app package /usr/lib/obsidian/obsidian.asar
2024-04-03 02:21:05 Checking for update using Github
2024-04-03 02:21:05 Success.
2024-04-03 02:21:05 Latest version is 1.5.12
2024-04-03 02:21:05 App is up to date.
2024-04-03 02:24:02 Loading main app package /usr/lib/obsidian/obsidian.asar
2024-04-03 02:24:02 Checking for update using Github
2024-04-03 02:24:03 Success.
2024-04-03 02:24:03 Latest version is 1.5.12
2024-04-03 02:24:03 App is up to date.
2024-04-03 02:32:42 Loading main app package /usr/lib/obsidian/obsidian.asar
2024-04-03 02:32:42 Checking for update using Github
2024-04-03 02:32:43 Failed to check for update using Github (net::ERR_CONNECTION_REFUSED)
2024-04-03 02:32:43 Checking for update using obsidian.md
2024-04-03 02:32:44 Failed to check for update using obsidian.md (Unexpected end of JSON input)
2024-04-03 04:47:17 Loading main app package /usr/lib/obsidian/obsidian.asar
2024-04-03 04:47:17 Checking for update using Github
2024-04-03 04:47:17 Failed to check for update using Github (net::ERR_CONNECTION_REFUSED)
2024-04-03 04:47:17 Checking for update using obsidian.md
2024-04-03 04:47:19 Failed to check for update using obsidian.md (Unexpected end of JSON input)
2024-04-03 05:47:17 Checking for update using Github
2024-04-03 05:47:17 Failed to check for update using Github (net::ERR_CONNECTION_REFUSED)
2024-04-03 05:47:17 Checking for update using obsidian.md
2024-04-03 05:47:18 Failed to check for update using obsidian.md (Unexpected end of JSON input)
2024-04-03 08:29:46 Loading main app package /usr/lib/obsidian/obsidian.asar
2024-04-03 08:29:46 Checking for update using Github
2024-04-03 08:29:47 Failed to check for update using Github (net::ERR_CONNECTION_REFUSED)
2024-04-03 08:29:47 Checking for update using obsidian.md
2024-04-03 08:29:47 Failed to check for update using obsidian.md (Unexpected end of JSON input)
2024-04-03 14:51:59 Loading main app package /usr/lib/obsidian/obsidian.asar
2024-04-03 14:51:59 Checking for update using Github
2024-04-03 14:51:59 Failed to check for update using Github (net::ERR_CONNECTION_REFUSED)
2024-04-03 14:51:59 Checking for update using obsidian.md
2024-04-03 14:52:00 Failed to check for update using obsidian.md (Unexpected end of JSON input)
2024-04-09 02:01:13 Loading main app package /usr/lib/obsidian/obsidian.asar
2024-04-09 02:01:13 Checking for update using Github
2024-04-09 02:01:13 Failed to check for update using Github (net::ERR_CONNECTION_REFUSED)
2024-04-09 02:01:13 Checking for update using obsidian.md
2024-04-09 02:01:14 Failed to check for update using obsidian.md (Unexpected end of JSON input)
2024-04-09 06:42:16 Loading main app package /usr/lib/obsidian/obsidian.asar
2024-04-09 06:42:16 Checking for update using Github
2024-04-09 06:42:16 Failed to check for update using Github (net::ERR_CONNECTION_REFUSED)
2024-04-09 06:42:16 Checking for update using obsidian.md
2024-04-09 06:42:17 Failed to check for update using obsidian.md (Unexpected end of JSON input)
2024-04-09 06:42:32 Loading main app package /usr/lib/obsidian/obsidian.asar
2024-04-09 06:42:32 Checking for update using Github
2024-04-09 07:00:37 Loading main app package /usr/lib/obsidian/obsidian.asar
2024-04-09 07:00:37 Checking for update using Github
2024-04-09 07:00:37 Failed to check for update using Github (net::ERR_CONNECTION_REFUSED)
2024-04-09 07:00:37 Checking for update using obsidian.md
2024-04-09 07:00:38 Failed to check for update using obsidian.md (Unexpected end of JSON input)
2024-04-09 07:40:44 Loading main app package /usr/lib/obsidian/obsidian.asar
2024-04-09 07:40:44 Checking for update using Github
2024-04-09 07:40:44 Failed to check for update using Github (net::ERR_CONNECTION_REFUSED)
2024-04-09 07:40:44 Checking for update using obsidian.md
2024-04-09 07:40:45 Failed to check for update using obsidian.md (Unexpected end of JSON input)
2024-04-09 12:08:15 Loading main app package /usr/lib/obsidian/obsidian.asar
2024-04-09 12:08:16 Checking for update using Github
2024-04-09 12:08:16 Failed to check for update using Github (net::ERR_CONNECTION_REFUSED)
2024-04-09 12:08:16 Checking for update using obsidian.md
2024-04-09 12:08:17 Failed to check for update using obsidian.md (Unexpected end of JSON input)
2024-04-09 12:09:47 Loading main app package /usr/lib/obsidian/obsidian.asar
2024-04-09 12:09:47 Checking for update using Github
2024-04-09 12:09:47 Failed to check for update using Github (net::ERR_CONNECTION_REFUSED)
2024-04-09 12:09:47 Checking for update using obsidian.md
2024-04-09 12:09:49 Failed to check for update using obsidian.md (Unexpected end of JSON input)
2024-04-09 12:11:04 Loading main app package /usr/lib/obsidian/obsidian.asar
2024-04-09 12:11:05 Checking for update using Github
2024-04-09 12:11:05 Failed to check for update using Github (net::ERR_CONNECTION_REFUSED)
2024-04-09 12:11:05 Checking for update using obsidian.md
2024-04-09 12:11:06 Failed to check for update using obsidian.md (Unexpected end of JSON input)
2024-04-09 12:12:56 Loading main app package /usr/lib/obsidian/obsidian.asar
2024-04-09 12:12:56 Checking for update using Github
2024-04-09 12:12:57 Failed to check for update using Github (net::ERR_CONNECTION_REFUSED)
2024-04-09 12:12:57 Checking for update using obsidian.md
2024-04-09 12:12:58 Failed to check for update using obsidian.md (Unexpected end of JSON input)
2024-04-10 08:11:04 Loading main app package /usr/lib/obsidian/obsidian.asar
2024-04-10 08:11:05 Checking for update using Github
2024-04-10 08:11:05 Failed to check for update using Github (net::ERR_CONNECTION_REFUSED)
2024-04-10 08:11:05 Checking for update using obsidian.md
2024-04-10 08:11:06 Failed to check for update using obsidian.md (Unexpected end of JSON input)
2024-04-10 09:17:16 Loading main app package /usr/lib/obsidian/obsidian.asar
2024-04-10 09:17:16 Checking for update using Github
2024-04-10 09:17:16 Failed to check for update using Github (net::ERR_CONNECTION_REFUSED)
2024-04-10 09:17:16 Checking for update using obsidian.md
2024-04-10 09:17:18 Failed to check for update using obsidian.md (Unexpected end of JSON input)
2024-04-10 09:17:28 Loading main app package /usr/lib/obsidian/obsidian.asar
2024-04-10 09:17:28 Checking for update using Github
2024-04-10 09:17:28 Failed to check for update using Github (net::ERR_CONNECTION_REFUSED)
2024-04-10 09:17:28 Checking for update using obsidian.md
2024-04-10 09:17:29 Failed to check for update using obsidian.md (Unexpected end of JSON input)
2024-04-10 11:47:07 Loading main app package /usr/lib/obsidian/obsidian.asar
2024-04-10 11:47:07 Checking for update using Github
2024-04-10 11:47:07 Failed to check for update using Github (net::ERR_CONNECTION_REFUSED)
2024-04-10 11:47:07 Checking for update using obsidian.md
2024-04-10 11:47:09 Failed to check for update using obsidian.md (Unexpected end of JSON input)
2024-04-10 11:47:15 Checking for update using Github
2024-04-10 11:47:15 Failed to check for update using Github (net::ERR_CONNECTION_REFUSED)
2024-04-10 11:47:15 Checking for update using obsidian.md
2024-04-10 11:47:16 Failed to check for update using obsidian.md (Unexpected end of JSON input)
2024-04-10 12:43:59 Loading main app package /usr/lib/obsidian/obsidian.asar
2024-04-10 12:44:00 Checking for update using Github
2024-04-10 12:44:00 Failed to check for update using Github (net::ERR_CONNECTION_REFUSED)
2024-04-10 12:44:00 Checking for update using obsidian.md
2024-04-10 12:44:01 Failed to check for update using obsidian.md (Unexpected end of JSON input)
2024-04-10 12:44:50 Loading main app package /usr/lib/obsidian/obsidian.asar
2024-04-10 12:44:51 Checking for update using Github
2024-04-10 12:44:51 Failed to check for update using Github (net::ERR_CONNECTION_REFUSED)
2024-04-10 12:44:51 Checking for update using obsidian.md
2024-04-10 12:44:52 Failed to check for update using obsidian.md (Unexpected end of JSON input)
2024-04-10 13:05:03 Loading main app package /usr/lib/obsidian/obsidian.asar
2024-04-10 13:05:03 Checking for update using Github
2024-04-10 13:05:03 Failed to check for update using Github (net::ERR_CONNECTION_REFUSED)
2024-04-10 13:05:03 Checking for update using obsidian.md
2024-04-10 13:05:04 Failed to check for update using obsidian.md (Unexpected end of JSON input)
2024-04-10 13:05:14 Loading main app package /usr/lib/obsidian/obsidian.asar
2024-04-10 13:05:14 Checking for update using Github
2024-04-10 13:05:14 Failed to check for update using Github (net::ERR_CONNECTION_REFUSED)
2024-04-10 13:05:14 Checking for update using obsidian.md
2024-04-10 13:05:15 Failed to check for update using obsidian.md (Unexpected end of JSON input)
2024-04-10 13:07:05 Loading main app package /usr/lib/obsidian/obsidian.asar
2024-04-10 13:07:05 Checking for update using Github
2024-04-10 13:07:05 Failed to check for update using Github (net::ERR_CONNECTION_REFUSED)
2024-04-10 13:07:05 Checking for update using obsidian.md
2024-04-10 13:07:06 Failed to check for update using obsidian.md (Unexpected end of JSON input)
2024-04-10 13:07:17 Loading main app package /usr/lib/obsidian/obsidian.asar
2024-04-10 13:07:17 Checking for update using Github
2024-04-10 13:07:17 Failed to check for update using Github (net::ERR_CONNECTION_REFUSED)
2024-04-10 13:07:17 Checking for update using obsidian.md
2024-04-10 13:07:18 Failed to check for update using obsidian.md (Unexpected end of JSON input)
2024-04-10 13:17:18 Loading main app package /usr/lib/obsidian/obsidian.asar
2024-04-10 13:17:19 Checking for update using Github
2024-04-10 13:17:19 Failed to check for update using Github (net::ERR_CONNECTION_REFUSED)
2024-04-10 13:17:19 Checking for update using obsidian.md
2024-04-10 13:17:20 Failed to check for update using obsidian.md (Unexpected end of JSON input)
2024-04-10 13:36:26 Loading main app package /usr/lib/obsidian/obsidian.asar
2024-04-10 13:36:26 Checking for update using Github
2024-04-10 13:36:26 Failed to check for update using Github (net::ERR_CONNECTION_REFUSED)
2024-04-10 13:36:26 Checking for update using obsidian.md
2024-04-10 13:36:28 Failed to check for update using obsidian.md (Unexpected end of JSON input)
2024-04-10 14:38:11 Checking for update using Github
2024-04-10 14:38:11 Failed to check for update using Github (net::ERR_CONNECTION_REFUSED)
2024-04-10 14:38:11 Checking for update using obsidian.md
2024-04-10 14:38:12 Failed to check for update using obsidian.md (Unexpected end of JSON input)
2024-04-10 15:38:11 Checking for update using Github
2024-04-10 15:38:11 Failed to check for update using Github (net::ERR_CONNECTION_REFUSED)
2024-04-10 15:38:11 Checking for update using obsidian.md
2024-04-10 15:38:13 Failed to check for update using obsidian.md (Unexpected end of JSON input)
2024-04-10 16:38:11 Checking for update using Github
2024-04-10 16:38:11 Failed to check for update using Github (net::ERR_CONNECTION_REFUSED)
2024-04-10 16:38:11 Checking for update using obsidian.md
2024-04-10 16:38:13 Failed to check for update using obsidian.md (Unexpected end of JSON input)
2024-04-10 17:38:11 Checking for update using Github
2024-04-10 17:38:11 Failed to check for update using Github (net::ERR_CONNECTION_REFUSED)
2024-04-10 17:38:11 Checking for update using obsidian.md
2024-04-10 17:38:13 Failed to check for update using obsidian.md (Unexpected end of JSON input)
2024-04-10 18:38:11 Checking for update using Github
2024-04-10 18:38:11 Failed to check for update using Github (net::ERR_CONNECTION_REFUSED)
2024-04-10 18:38:11 Checking for update using obsidian.md
2024-04-10 18:38:13 Failed to check for update using obsidian.md (Unexpected end of JSON input)
2024-04-10 19:38:11 Checking for update using Github
2024-04-10 19:38:11 Failed to check for update using Github (net::ERR_CONNECTION_REFUSED)
2024-04-10 19:38:11 Checking for update using obsidian.md
2024-04-10 19:38:13 Failed to check for update using obsidian.md (Unexpected end of JSON input)
2024-04-10 20:38:11 Checking for update using Github
2024-04-10 20:38:11 Failed to check for update using Github (net::ERR_CONNECTION_REFUSED)
2024-04-10 20:38:11 Checking for update using obsidian.md
2024-04-10 20:38:13 Failed to check for update using obsidian.md (Unexpected end of JSON input)
2024-04-10 21:38:11 Checking for update using Github
2024-04-10 21:38:11 Failed to check for update using Github (net::ERR_CONNECTION_REFUSED)
2024-04-10 21:38:11 Checking for update using obsidian.md
2024-04-10 21:38:12 Failed to check for update using obsidian.md (Unexpected end of JSON input)
2024-04-10 22:38:12 Checking for update using Github
2024-04-10 22:38:12 Failed to check for update using Github (net::ERR_CONNECTION_REFUSED)
2024-04-10 22:38:12 Checking for update using obsidian.md
2024-04-10 22:38:13 Failed to check for update using obsidian.md (Unexpected end of JSON input)
2024-04-10 23:38:12 Checking for update using Github
2024-04-10 23:38:12 Failed to check for update using Github (net::ERR_CONNECTION_REFUSED)
2024-04-10 23:38:12 Checking for update using obsidian.md
2024-04-10 23:38:13 Failed to check for update using obsidian.md (Unexpected end of JSON input)
2024-04-11 00:38:12 Checking for update using Github
2024-04-11 00:38:12 Failed to check for update using Github (net::ERR_CONNECTION_REFUSED)
2024-04-11 00:38:12 Checking for update using obsidian.md
2024-04-11 00:38:13 Failed to check for update using obsidian.md (Unexpected end of JSON input)
2024-04-11 01:38:12 Checking for update using Github
2024-04-11 01:38:12 Failed to check for update using Github (net::ERR_CONNECTION_REFUSED)
2024-04-11 01:38:12 Checking for update using obsidian.md
2024-04-11 01:38:13 Failed to check for update using obsidian.md (Unexpected end of JSON input)
2024-04-11 02:38:12 Checking for update using Github
2024-04-11 02:38:12 Failed to check for update using Github (net::ERR_CONNECTION_REFUSED)
2024-04-11 02:38:12 Checking for update using obsidian.md
2024-04-11 02:38:13 Failed to check for update using obsidian.md (Unexpected end of JSON input)
2024-04-11 03:38:12 Checking for update using Github
2024-04-11 03:38:12 Failed to check for update using Github (net::ERR_CONNECTION_REFUSED)
2024-04-11 03:38:12 Checking for update using obsidian.md
2024-04-11 03:38:13 Failed to check for update using obsidian.md (Unexpected end of JSON input)
2024-04-11 04:38:12 Checking for update using Github
2024-04-11 04:38:12 Failed to check for update using Github (net::ERR_CONNECTION_REFUSED)
2024-04-11 04:38:12 Checking for update using obsidian.md
2024-04-11 04:38:13 Failed to check for update using obsidian.md (Unexpected end of JSON input)
2024-04-11 05:38:12 Checking for update using Github
2024-04-11 05:38:12 Failed to check for update using Github (net::ERR_CONNECTION_REFUSED)
2024-04-11 05:38:12 Checking for update using obsidian.md
2024-04-11 05:38:13 Failed to check for update using obsidian.md (Unexpected end of JSON input)
2024-04-11 12:19:28 Loading main app package /usr/lib/obsidian/obsidian.asar
2024-04-11 12:19:28 Checking for update using Github
2024-04-11 12:19:28 Failed to check for update using Github (net::ERR_CONNECTION_REFUSED)
2024-04-11 12:19:28 Checking for update using obsidian.md
2024-04-11 12:19:30 Failed to check for update using obsidian.md (Unexpected end of JSON input)
2024-04-11 12:36:19 Loading main app package /usr/lib/obsidian/obsidian.asar
2024-04-11 12:36:19 Checking for update using Github
2024-04-11 12:36:19 Failed to check for update using Github (net::ERR_CONNECTION_REFUSED)
2024-04-11 12:36:19 Checking for update using obsidian.md
2024-04-11 12:36:20 Failed to check for update using obsidian.md (Unexpected end of JSON input)
2024-04-17 02:29:00 Loading main app package /usr/lib/obsidian/obsidian.asar
2024-04-17 02:29:00 Checking for update using Github
2024-04-17 02:29:00 Failed to check for update using Github (net::ERR_CONNECTION_REFUSED)
2024-04-17 02:29:00 Checking for update using obsidian.md
2024-04-17 02:29:01 Failed to check for update using obsidian.md (Unexpected end of JSON input)
2024-04-18 06:04:20 Loading main app package /usr/lib/obsidian/obsidian.asar
2024-04-18 06:04:20 Checking for update using Github
2024-04-18 06:04:20 Failed to check for update using Github (net::ERR_CONNECTION_REFUSED)
2024-04-18 06:04:20 Checking for update using obsidian.md
2024-04-18 06:04:22 Failed to check for update using obsidian.md (Unexpected end of JSON input)
2024-04-18 07:04:20 Checking for update using Github
2024-04-18 07:04:20 Failed to check for update using Github (net::ERR_CONNECTION_REFUSED)
2024-04-18 07:04:20 Checking for update using obsidian.md
2024-04-18 07:04:21 Failed to check for update using obsidian.md (Unexpected end of JSON input)
2024-04-19 02:12:49 Loading main app package /usr/lib/obsidian/obsidian.asar
2024-04-19 02:12:50 Checking for update using Github
2024-04-19 02:12:50 Failed to check for update using Github (net::ERR_CONNECTION_REFUSED)
2024-04-19 02:12:50 Checking for update using obsidian.md
2024-04-19 02:12:51 Failed to check for update using obsidian.md (Unexpected end of JSON input)
2024-04-19 02:37:53 Loading main app package /usr/lib/obsidian/obsidian.asar
2024-04-19 02:37:53 Checking for update using Github
2024-04-19 02:37:53 Failed to check for update using Github (net::ERR_CONNECTION_REFUSED)
2024-04-19 02:37:53 Checking for update using obsidian.md
2024-04-19 02:37:54 Failed to check for update using obsidian.md (Unexpected end of JSON input)
2024-04-19 02:51:11 Loading main app package /usr/lib/obsidian/obsidian.asar
2024-04-19 02:51:11 Checking for update using Github
2024-04-19 02:51:11 Failed to check for update using Github (net::ERR_CONNECTION_REFUSED)
2024-04-19 02:51:11 Checking for update using obsidian.md
2024-04-19 02:51:12 Failed to check for update using obsidian.md (Unexpected end of JSON input)
2024-04-19 02:56:49 Loading main app package /usr/lib/obsidian/obsidian.asar
2024-04-19 02:56:50 Checking for update using Github
2024-04-19 02:56:50 Failed to check for update using Github (net::ERR_CONNECTION_REFUSED)
2024-04-19 02:56:50 Checking for update using obsidian.md
2024-04-19 02:56:51 Failed to check for update using obsidian.md (Unexpected end of JSON input)
2024-04-19 03:56:50 Checking for update using Github
2024-04-19 03:56:50 Failed to check for update using Github (net::ERR_CONNECTION_REFUSED)
2024-04-19 03:56:50 Checking for update using obsidian.md
2024-04-19 03:56:51 Failed to check for update using obsidian.md (Unexpected end of JSON input)
2024-04-19 04:56:50 Checking for update using Github
2024-04-19 04:56:50 Failed to check for update using Github (net::ERR_CONNECTION_REFUSED)
2024-04-19 04:56:50 Checking for update using obsidian.md
2024-04-19 04:56:51 Failed to check for update using obsidian.md (Unexpected end of JSON input)
2024-04-19 13:57:56 Loading main app package /usr/lib/obsidian/obsidian.asar
2024-04-19 13:57:56 Checking for update using Github
2024-04-19 13:57:56 Failed to check for update using Github (net::ERR_CONNECTION_REFUSED)
2024-04-19 13:57:56 Checking for update using obsidian.md
2024-04-20 06:38:43 Loading main app package /usr/lib/obsidian/obsidian.asar
2024-04-20 06:38:44 Checking for update using Github
2024-04-20 06:38:44 Failed to check for update using Github (net::ERR_CONNECTION_REFUSED)
2024-04-20 06:38:44 Checking for update using obsidian.md
2024-04-20 06:38:45 Failed to check for update using obsidian.md (Unexpected end of JSON input)
2024-04-20 07:23:49 Loading main app package /usr/lib/obsidian/obsidian.asar
2024-04-20 07:23:50 Checking for update using Github
2024-04-20 07:23:50 Failed to check for update using Github (net::ERR_CONNECTION_REFUSED)
2024-04-20 07:23:50 Checking for update using obsidian.md
2024-04-20 07:23:51 Failed to check for update using obsidian.md (Unexpected end of JSON input)
2024-04-20 08:23:50 Checking for update using Github
2024-04-20 08:23:50 Failed to check for update using Github (net::ERR_CONNECTION_REFUSED)
2024-04-20 08:23:50 Checking for update using obsidian.md
2024-04-20 08:26:04 Failed to check for update using obsidian.md (Unexpected end of JSON input)
2024-04-20 09:23:50 Checking for update using Github
2024-04-20 09:23:50 Failed to check for update using Github (net::ERR_CONNECTION_REFUSED)
2024-04-20 09:23:50 Checking for update using obsidian.md
2024-04-20 09:23:51 Failed to check for update using obsidian.md (Unexpected end of JSON input)
2024-04-20 10:23:50 Checking for update using Github
2024-04-20 10:23:50 Failed to check for update using Github (net::ERR_CONNECTION_REFUSED)
2024-04-20 10:23:50 Checking for update using obsidian.md
2024-04-20 10:23:51 Failed to check for update using obsidian.md (Unexpected end of JSON input)
2024-04-20 11:23:50 Checking for update using Github
2024-04-20 11:23:50 Failed to check for update using Github (net::ERR_CONNECTION_REFUSED)
2024-04-20 11:23:50 Checking for update using obsidian.md
2024-04-20 11:23:51 Failed to check for update using obsidian.md (Unexpected end of JSON input)
2024-04-25 03:18:15 Loading main app package /usr/lib/obsidian/obsidian.asar
2024-04-25 03:18:15 Checking for update using Github
2024-04-25 03:18:15 Failed to check for update using Github (net::ERR_CONNECTION_REFUSED)
2024-04-25 03:18:15 Checking for update using obsidian.md
2024-04-25 03:18:17 Failed to check for update using obsidian.md (Unexpected end of JSON input)
2024-04-26 01:50:51 Loading main app package /usr/lib/obsidian/obsidian.asar
2024-04-26 01:50:51 Checking for update using Github
2024-04-26 01:50:52 Success.
2024-04-26 01:50:52 Latest version is 1.5.12
2024-04-26 01:50:52 App is up to date.
2024-04-26 01:51:04 Loading main app package /usr/lib/obsidian/obsidian.asar
2024-04-26 01:51:04 Checking for update using Github
2024-04-26 01:51:04 Success.
2024-04-26 01:51:04 Latest version is 1.5.12
2024-04-26 01:51:04 App is up to date.
2024-04-26 01:51:56 Loading main app package /usr/lib/obsidian/obsidian.asar
2024-04-26 01:51:56 Checking for update using Github
2024-04-26 01:51:56 Success.
2024-04-26 01:51:56 Latest version is 1.5.12
2024-04-26 01:51:56 App is up to date.
2024-04-26 07:44:07 Loading main app package /usr/lib/obsidian/obsidian.asar
2024-04-26 07:44:07 Checking for update using Github
2024-04-26 07:44:08 Success.
2024-04-26 07:44:08 Latest version is 1.5.12
2024-04-26 07:44:08 App is up to date.
2024-04-28 03:03:05 Loading main app package /usr/lib/obsidian/obsidian.asar
2024-04-28 03:03:05 Checking for update using Github
2024-04-28 03:03:06 Success.
2024-04-28 03:03:06 Latest version is 1.5.12
2024-04-28 03:03:06 App is up to date.
2024-04-28 03:05:11 Checking for update using Github
2024-04-28 03:05:11 Success.
2024-04-28 03:05:11 Latest version is 1.5.12
2024-04-28 03:05:11 App is up to date.
2024-04-28 03:05:13 Checking for update using Github
2024-04-28 03:05:14 Success.
2024-04-28 03:05:14 Latest version is 1.5.12
2024-04-28 03:05:14 App is up to date.
2024-04-28 03:06:58 Loading main app package /usr/lib/obsidian/obsidian.asar
2024-04-28 03:06:58 Checking for update using Github
2024-04-28 03:06:58 Success.
2024-04-28 03:06:58 Latest version is 1.5.12
2024-04-28 03:06:58 App is up to date.
2024-04-28 04:06:58 Checking for update using Github
2024-04-28 04:06:58 Success.
2024-04-28 04:06:58 Latest version is 1.5.12
2024-04-28 04:06:58 App is up to date.
2024-04-28 05:06:58 Checking for update using Github
2024-04-28 05:06:58 Success.
2024-04-28 05:06:58 Latest version is 1.5.12
2024-04-28 05:06:58 App is up to date.
2024-04-28 06:06:58 Checking for update using Github
2024-04-28 06:06:59 Success.
2024-04-28 06:06:59 Latest version is 1.5.12
2024-04-28 06:06:59 App is up to date.
2024-04-28 07:06:58 Checking for update using Github
2024-04-28 07:06:59 Success.
2024-04-28 07:06:59 Latest version is 1.5.12
2024-04-28 07:06:59 App is up to date.
2024-04-28 08:06:58 Checking for update using Github
2024-04-28 08:06:59 Success.
2024-04-28 08:06:59 Latest version is 1.5.12
2024-04-28 08:06:59 App is up to date.
2024-04-28 09:06:58 Checking for update using Github
2024-04-28 09:06:59 Success.
2024-04-28 09:06:59 Latest version is 1.5.12
2024-04-28 09:06:59 App is up to date.
2024-04-28 10:06:58 Checking for update using Github
2024-04-28 10:06:59 Success.
2024-04-28 10:06:59 Latest version is 1.5.12
2024-04-28 10:06:59 App is up to date.
2024-04-28 11:06:59 Checking for update using Github
2024-04-28 11:07:23 Failed to check for update using Github (net::ERR_CONNECTION_CLOSED)
2024-04-28 11:07:23 Checking for update using obsidian.md
2024-04-28 11:07:47 Failed to check for update using obsidian.md (net::ERR_CONNECTION_CLOSED)
2024-04-28 12:06:59 Checking for update using Github
2024-04-28 12:06:59 Success.
2024-04-28 12:06:59 Latest version is 1.5.12
2024-04-28 12:06:59 App is up to date.
2024-04-28 13:06:59 Checking for update using Github
2024-04-28 13:06:59 Success.
2024-04-28 13:06:59 Latest version is 1.5.12
2024-04-28 13:06:59 App is up to date.
2024-04-28 14:06:59 Checking for update using Github
2024-04-28 14:06:59 Success.
2024-04-28 14:06:59 Latest version is 1.5.12
2024-04-28 14:06:59 App is up to date.
2024-04-28 15:06:59 Checking for update using Github
2024-04-28 15:07:00 Success.
2024-04-28 15:07:00 Latest version is 1.5.12
2024-04-28 15:07:00 App is up to date.
2024-04-28 16:06:59 Checking for update using Github
2024-04-28 16:07:00 Success.
2024-04-28 16:07:00 Latest version is 1.5.12
2024-04-28 16:07:00 App is up to date.
2024-04-29 02:40:30 Checking for update using Github
2024-04-29 02:40:31 Success.
2024-04-29 02:40:31 Latest version is 1.5.12
2024-04-29 02:40:31 App is up to date.
2024-04-29 03:40:30 Checking for update using Github
2024-04-29 03:40:31 Success.
2024-04-29 03:40:31 Latest version is 1.5.12
2024-04-29 03:40:31 App is up to date.
2024-04-29 04:40:30 Checking for update using Github
2024-04-29 04:40:31 Success.
2024-04-29 04:40:31 Latest version is 1.5.12
2024-04-29 04:40:31 App is up to date.
2024-04-29 05:40:31 Checking for update using Github
2024-04-29 05:40:31 Success.
2024-04-29 05:40:31 Latest version is 1.5.12
2024-04-29 05:40:31 App is up to date.
2024-04-29 06:40:31 Checking for update using Github
2024-04-29 06:40:41 Failed to check for update using Github (net::ERR_CONNECTION_CLOSED)
2024-04-29 06:40:41 Checking for update using obsidian.md
2024-04-29 06:40:51 Failed to check for update using obsidian.md (net::ERR_CONNECTION_CLOSED)
2024-04-29 07:40:31 Checking for update using Github
2024-04-29 07:40:41 Failed to check for update using Github (net::ERR_CONNECTION_CLOSED)
2024-04-29 07:40:41 Checking for update using obsidian.md
2024-04-29 07:40:51 Failed to check for update using obsidian.md (net::ERR_CONNECTION_CLOSED)
2024-04-29 08:40:31 Checking for update using Github
2024-04-29 08:40:41 Failed to check for update using Github (net::ERR_CONNECTION_CLOSED)
2024-04-29 08:40:41 Checking for update using obsidian.md
2024-04-29 08:40:51 Failed to check for update using obsidian.md (net::ERR_CONNECTION_CLOSED)
2024-04-29 09:40:31 Checking for update using Github
2024-04-29 09:40:41 Failed to check for update using Github (net::ERR_CONNECTION_CLOSED)
2024-04-29 09:40:41 Checking for update using obsidian.md
2024-04-29 09:40:51 Failed to check for update using obsidian.md (net::ERR_CONNECTION_CLOSED)
2024-04-29 10:40:31 Checking for update using Github
2024-04-29 10:40:41 Failed to check for update using Github (net::ERR_CONNECTION_CLOSED)
2024-04-29 10:40:41 Checking for update using obsidian.md
2024-04-29 10:40:51 Failed to check for update using obsidian.md (net::ERR_CONNECTION_CLOSED)
2024-04-29 11:40:31 Checking for update using Github
2024-04-29 11:40:41 Failed to check for update using Github (net::ERR_CONNECTION_CLOSED)
2024-04-29 11:40:41 Checking for update using obsidian.md
2024-04-29 11:40:51 Failed to check for update using obsidian.md (net::ERR_CONNECTION_CLOSED)
2024-04-29 12:40:31 Checking for update using Github
2024-04-29 12:40:41 Failed to check for update using Github (net::ERR_CONNECTION_CLOSED)
2024-04-29 12:40:41 Checking for update using obsidian.md
2024-04-29 12:40:51 Failed to check for update using obsidian.md (net::ERR_CONNECTION_CLOSED)
2024-04-29 13:40:31 Checking for update using Github
2024-04-29 13:40:41 Failed to check for update using Github (net::ERR_CONNECTION_CLOSED)
2024-04-29 13:40:41 Checking for update using obsidian.md
2024-04-29 13:40:51 Failed to check for update using obsidian.md (net::ERR_CONNECTION_CLOSED)
2024-04-29 14:40:31 Checking for update using Github
2024-04-29 14:40:41 Failed to check for update using Github (net::ERR_CONNECTION_CLOSED)
2024-04-29 14:40:41 Checking for update using obsidian.md
2024-04-29 14:40:51 Failed to check for update using obsidian.md (net::ERR_CONNECTION_CLOSED)
2024-05-07 05:26:10 Loading main app package /usr/lib/obsidian/obsidian.asar
2024-05-07 05:26:11 Checking for update using Github
2024-05-07 05:26:11 Failed to check for update using Github (net::ERR_CONNECTION_REFUSED)
2024-05-07 05:26:11 Checking for update using obsidian.md
2024-05-08 02:58:45 Loading main app package /usr/lib/obsidian/obsidian.asar
2024-05-08 02:58:45 Checking for update using Github
2024-05-08 02:58:45 Failed to check for update using Github (net::ERR_CONNECTION_REFUSED)
2024-05-08 02:58:45 Checking for update using obsidian.md
2024-05-08 02:58:46 Failed to check for update using obsidian.md (Unexpected end of JSON input)
2024-05-08 03:58:45 Checking for update using Github
2024-05-08 03:58:45 Failed to check for update using Github (net::ERR_CONNECTION_REFUSED)
2024-05-08 03:58:45 Checking for update using obsidian.md
2024-05-08 03:58:46 Failed to check for update using obsidian.md (Unexpected end of JSON input)
2024-05-08 04:58:45 Checking for update using Github
2024-05-08 04:58:45 Failed to check for update using Github (net::ERR_CONNECTION_REFUSED)
2024-05-08 04:58:45 Checking for update using obsidian.md
2024-05-08 05:00:59 Failed to check for update using obsidian.md (Unexpected end of JSON input)
2024-05-08 05:58:45 Checking for update using Github
2024-05-08 05:58:45 Failed to check for update using Github (net::ERR_CONNECTION_REFUSED)
2024-05-08 05:58:45 Checking for update using obsidian.md
2024-05-08 05:58:46 Failed to check for update using obsidian.md (Unexpected end of JSON input)
2024-05-08 06:58:45 Checking for update using Github
2024-05-08 06:58:45 Failed to check for update using Github (net::ERR_CONNECTION_REFUSED)
2024-05-08 06:58:45 Checking for update using obsidian.md
2024-05-08 07:01:00 Failed to check for update using obsidian.md (Unexpected end of JSON input)
2024-05-08 07:58:45 Checking for update using Github
2024-05-08 07:58:45 Failed to check for update using Github (net::ERR_CONNECTION_REFUSED)
2024-05-08 07:58:45 Checking for update using obsidian.md
2024-05-08 07:58:46 Failed to check for update using obsidian.md (Unexpected end of JSON input)
2024-05-08 08:58:45 Checking for update using Github
2024-05-08 08:58:45 Failed to check for update using Github (net::ERR_CONNECTION_REFUSED)
2024-05-08 08:58:45 Checking for update using obsidian.md
2024-05-08 08:58:46 Failed to check for update using obsidian.md (Unexpected end of JSON input)
2024-05-08 09:58:45 Checking for update using Github
2024-05-08 09:58:45 Failed to check for update using Github (net::ERR_CONNECTION_REFUSED)
2024-05-08 09:58:45 Checking for update using obsidian.md
2024-05-08 09:58:46 Failed to check for update using obsidian.md (Unexpected end of JSON input)
2024-05-08 10:58:46 Checking for update using Github
2024-05-08 10:58:46 Failed to check for update using Github (net::ERR_CONNECTION_REFUSED)
2024-05-08 10:58:46 Checking for update using obsidian.md
2024-05-08 10:58:46 Failed to check for update using obsidian.md (Unexpected end of JSON input)
2024-05-08 11:58:46 Checking for update using Github
2024-05-08 11:58:46 Failed to check for update using Github (net::ERR_CONNECTION_REFUSED)
2024-05-08 11:58:46 Checking for update using obsidian.md
2024-05-08 11:58:47 Failed to check for update using obsidian.md (Unexpected end of JSON input)
2024-05-08 12:58:46 Checking for update using Github
2024-05-08 12:58:46 Failed to check for update using Github (net::ERR_CONNECTION_REFUSED)
2024-05-08 12:58:46 Checking for update using obsidian.md
2024-05-08 13:01:01 Failed to check for update using obsidian.md (Unexpected end of JSON input)
2024-05-09 08:35:08 Loading main app package /usr/lib/obsidian/obsidian.asar
2024-05-09 08:35:09 Checking for update using Github
2024-05-09 08:35:09 Failed to check for update using Github (net::ERR_CONNECTION_REFUSED)
2024-05-09 08:35:09 Checking for update using obsidian.md
2024-05-09 08:35:10 Failed to check for update using obsidian.md (Unexpected end of JSON input)
2024-05-09 09:10:10 Loading main app package /usr/lib/obsidian/obsidian.asar
2024-05-09 09:10:11 Checking for update using Github
2024-05-09 09:10:11 Failed to check for update using Github (net::ERR_CONNECTION_REFUSED)
2024-05-09 09:10:11 Checking for update using obsidian.md
2024-05-09 09:10:12 Failed to check for update using obsidian.md (Unexpected end of JSON input)
2024-05-09 10:10:10 Checking for update using Github
2024-05-09 10:10:10 Failed to check for update using Github (net::ERR_CONNECTION_REFUSED)
2024-05-09 10:10:10 Checking for update using obsidian.md
2024-05-09 10:10:11 Failed to check for update using obsidian.md (Unexpected end of JSON input)
2024-05-09 11:10:10 Checking for update using Github
2024-05-09 11:10:10 Failed to check for update using Github (net::ERR_CONNECTION_REFUSED)
2024-05-09 11:10:10 Checking for update using obsidian.md
2024-05-09 11:10:11 Failed to check for update using obsidian.md (Unexpected end of JSON input)
2024-05-09 12:17:39 Loading main app package /usr/lib/obsidian/obsidian.asar
2024-05-09 12:17:39 Checking for update using Github
2024-05-09 12:17:40 Failed to check for update using Github (net::ERR_CONNECTION_REFUSED)
2024-05-09 12:17:40 Checking for update using obsidian.md
2024-05-09 12:17:41 Failed to check for update using obsidian.md (Unexpected end of JSON input)
2024-05-10 07:54:24 Loading main app package /usr/lib/obsidian/obsidian.asar
2024-05-10 07:54:24 Checking for update using Github
2024-05-10 07:54:24 Success.
2024-05-10 07:54:24 Latest version is 1.5.12
2024-05-10 07:54:24 App is up to date.
2024-05-11 06:31:14 Loading main app package /usr/lib/obsidian/obsidian.asar
2024-05-11 06:31:14 Checking for update using Github
2024-05-11 06:31:14 Failed to check for update using Github (net::ERR_CONNECTION_REFUSED)
2024-05-11 06:31:14 Checking for update using obsidian.md
2024-05-11 06:31:20 Failed to check for update using obsidian.md (Unexpected end of JSON input)
2024-05-11 07:31:14 Checking for update using Github
2024-05-11 07:31:14 Failed to check for update using Github (net::ERR_CONNECTION_REFUSED)
2024-05-11 07:31:14 Checking for update using obsidian.md
2024-05-11 07:31:15 Failed to check for update using obsidian.md (Unexpected end of JSON input)
2024-05-11 08:31:14 Checking for update using Github
2024-05-11 08:31:14 Failed to check for update using Github (net::ERR_CONNECTION_REFUSED)
2024-05-11 08:31:14 Checking for update using obsidian.md
2024-05-11 08:31:15 Failed to check for update using obsidian.md (Unexpected end of JSON input)
2024-05-11 09:31:14 Checking for update using Github
2024-05-11 09:31:14 Failed to check for update using Github (net::ERR_CONNECTION_REFUSED)
2024-05-11 09:31:14 Checking for update using obsidian.md
2024-05-11 09:31:15 Failed to check for update using obsidian.md (Unexpected end of JSON input)
2024-05-11 10:31:14 Checking for update using Github
2024-05-11 10:31:14 Failed to check for update using Github (net::ERR_CONNECTION_REFUSED)
2024-05-11 10:31:14 Checking for update using obsidian.md
2024-05-11 10:31:15 Failed to check for update using obsidian.md (Unexpected end of JSON input)
2024-05-11 11:31:14 Checking for update using Github
2024-05-11 11:31:14 Failed to check for update using Github (net::ERR_CONNECTION_REFUSED)
2024-05-11 11:31:14 Checking for update using obsidian.md
2024-05-11 11:31:15 Failed to check for update using obsidian.md (Unexpected end of JSON input)
2024-05-11 11:58:44 Loading main app package /usr/lib/obsidian/obsidian.asar
2024-05-11 11:58:44 Checking for update using Github
2024-05-11 11:58:44 Failed to check for update using Github (net::ERR_CONNECTION_REFUSED)
2024-05-11 11:58:44 Checking for update using obsidian.md
2024-05-11 11:58:45 Failed to check for update using obsidian.md (Unexpected end of JSON input)
2024-05-11 12:58:44 Checking for update using Github
2024-05-11 12:58:44 Failed to check for update using Github (net::ERR_CONNECTION_REFUSED)
2024-05-11 12:58:44 Checking for update using obsidian.md
2024-05-11 12:58:45 Failed to check for update using obsidian.md (Unexpected end of JSON input)
2024-05-11 13:58:44 Checking for update using Github
2024-05-11 13:58:44 Failed to check for update using Github (net::ERR_CONNECTION_REFUSED)
2024-05-11 13:58:44 Checking for update using obsidian.md
2024-05-11 13:58:45 Failed to check for update using obsidian.md (Unexpected end of JSON input)
2024-05-11 14:57:34 Loading main app package /usr/lib/obsidian/obsidian.asar
2024-05-11 14:57:34 Checking for update using Github
2024-05-11 14:57:34 Failed to check for update using Github (net::ERR_CONNECTION_REFUSED)
2024-05-11 14:57:34 Checking for update using obsidian.md
2024-05-11 14:57:35 Failed to check for update using obsidian.md (Unexpected end of JSON input)
2024-05-11 15:57:34 Checking for update using Github
2024-05-11 15:57:34 Failed to check for update using Github (net::ERR_CONNECTION_REFUSED)
2024-05-11 15:57:34 Checking for update using obsidian.md
2024-05-11 15:57:35 Failed to check for update using obsidian.md (Unexpected end of JSON input)
2024-05-12 12:25:20 Checking for update using Github
2024-05-12 12:25:20 Failed to check for update using Github (net::ERR_CONNECTION_REFUSED)
2024-05-12 12:25:20 Checking for update using obsidian.md
2024-05-12 12:25:21 Failed to check for update using obsidian.md (Unexpected end of JSON input)
2024-05-12 13:09:23 Loading main app package /usr/lib/obsidian/obsidian.asar
2024-05-12 13:09:23 Checking for update using Github
2024-05-12 13:09:24 Success.
2024-05-12 13:09:24 Latest version is 1.5.12
2024-05-12 13:09:24 App is up to date.
2024-05-12 13:09:52 Loading main app package /usr/lib/obsidian/obsidian.asar
2024-05-12 13:09:52 Checking for update using Github
2024-05-12 13:09:52 Success.
2024-05-12 13:09:52 Latest version is 1.5.12
2024-05-12 13:09:52 App is up to date.
2024-05-12 13:10:48 Loading main app package /usr/lib/obsidian/obsidian.asar
2024-05-12 13:10:48 Checking for update using Github
2024-05-12 13:10:48 Success.
2024-05-12 13:10:48 Latest version is 1.5.12
2024-05-12 13:10:48 App is up to date.
2024-05-12 13:12:37 Loading main app package /usr/lib/obsidian/obsidian.asar
2024-05-12 13:12:38 Checking for update using Github
2024-05-12 13:12:38 Success.
2024-05-12 13:12:38 Latest version is 1.5.12
2024-05-12 13:12:38 App is up to date.
2024-05-12 13:14:46 Loading main app package /usr/lib/obsidian/obsidian.asar
2024-05-12 13:14:46 Checking for update using Github
2024-05-12 13:14:46 Failed to check for update using Github (net::ERR_CONNECTION_REFUSED)
2024-05-12 13:14:46 Checking for update using obsidian.md
2024-05-12 13:14:47 Failed to check for update using obsidian.md (Unexpected end of JSON input)
2024-05-12 14:14:46 Checking for update using Github
2024-05-12 14:14:46 Failed to check for update using Github (net::ERR_CONNECTION_REFUSED)
2024-05-12 14:14:46 Checking for update using obsidian.md
2024-05-12 14:14:47 Failed to check for update using obsidian.md (Unexpected end of JSON input)
2024-05-13 01:53:32 Loading main app package /usr/lib/obsidian/obsidian.asar
2024-05-13 01:53:32 Checking for update using Github
2024-05-13 01:53:32 Failed to check for update using Github (net::ERR_CONNECTION_REFUSED)
2024-05-13 01:53:32 Checking for update using obsidian.md
2024-05-13 01:53:33 Failed to check for update using obsidian.md (Unexpected end of JSON input)
2024-05-13 02:54:22 Checking for update using Github
2024-05-13 02:54:22 Failed to check for update using Github (net::ERR_CONNECTION_REFUSED)
2024-05-13 02:54:22 Checking for update using obsidian.md
2024-05-13 02:54:23 Failed to check for update using obsidian.md (Unexpected end of JSON input)
2024-05-13 04:35:13 Loading main app package /usr/lib/obsidian/obsidian.asar
2024-05-13 04:35:13 Checking for update using Github
2024-05-13 04:35:13 Failed to check for update using Github (net::ERR_CONNECTION_REFUSED)
2024-05-13 04:35:13 Checking for update using obsidian.md
2024-05-13 04:35:14 Failed to check for update using obsidian.md (Unexpected end of JSON input)
2024-05-13 04:57:35 Loading main app package /usr/lib/obsidian/obsidian.asar
2024-05-13 04:57:36 Checking for update using Github
2024-05-13 04:57:36 Failed to check for update using Github (net::ERR_CONNECTION_REFUSED)
2024-05-13 04:57:36 Checking for update using obsidian.md
2024-05-13 04:57:37 Failed to check for update using obsidian.md (Unexpected end of JSON input)
2024-05-13 05:13:52 Loading main app package /usr/lib/obsidian/obsidian.asar
2024-05-13 05:13:52 Checking for update using Github
2024-05-13 05:13:53 Failed to check for update using Github (net::ERR_CONNECTION_REFUSED)
2024-05-13 05:13:53 Checking for update using obsidian.md
2024-05-13 05:13:54 Failed to check for update using obsidian.md (Unexpected end of JSON input)
2024-05-13 05:37:40 Loading main app package /usr/lib/obsidian/obsidian.asar
2024-05-13 05:37:41 Checking for update using Github
2024-05-13 05:37:41 Failed to check for update using Github (net::ERR_CONNECTION_REFUSED)
2024-05-13 05:37:41 Checking for update using obsidian.md
2024-05-13 05:37:42 Failed to check for update using obsidian.md (Unexpected end of JSON input)
2024-05-13 08:32:05 Loading main app package /usr/lib/obsidian/obsidian.asar
2024-05-13 08:32:05 Checking for update using Github
2024-05-13 08:32:05 Failed to check for update using Github (net::ERR_CONNECTION_REFUSED)
2024-05-13 08:32:05 Checking for update using obsidian.md
2024-05-13 08:32:07 Failed to check for update using obsidian.md (Unexpected end of JSON input)
2024-05-13 12:31:48 Loading main app package /usr/lib/obsidian/obsidian.asar
2024-05-13 12:31:49 Checking for update using Github
2024-05-13 12:31:49 Failed to check for update using Github (net::ERR_CONNECTION_REFUSED)
2024-05-13 12:31:49 Checking for update using obsidian.md
2024-05-13 12:31:50 Failed to check for update using obsidian.md (Unexpected end of JSON input)
2024-05-13 13:31:49 Checking for update using Github
2024-05-13 13:31:49 Failed to check for update using Github (net::ERR_CONNECTION_REFUSED)
2024-05-13 13:31:49 Checking for update using obsidian.md
2024-05-13 13:31:50 Failed to check for update using obsidian.md (Unexpected end of JSON input)
2024-05-13 14:31:49 Checking for update using Github
2024-05-13 14:31:49 Failed to check for update using Github (net::ERR_CONNECTION_REFUSED)
2024-05-13 14:31:49 Checking for update using obsidian.md
2024-05-13 14:31:50 Failed to check for update using obsidian.md (Unexpected end of JSON input)
2024-05-13 15:40:15 Checking for update using Github
2024-05-13 15:40:15 Failed to check for update using Github (net::ERR_CONNECTION_REFUSED)
2024-05-13 15:40:15 Checking for update using obsidian.md
2024-05-13 15:40:16 Failed to check for update using obsidian.md (Unexpected end of JSON input)
2024-05-13 16:40:15 Checking for update using Github
2024-05-13 16:40:15 Failed to check for update using Github (net::ERR_CONNECTION_REFUSED)
2024-05-13 16:40:15 Checking for update using obsidian.md
2024-05-13 16:40:16 Failed to check for update using obsidian.md (Unexpected end of JSON input)
2024-05-13 17:40:15 Checking for update using Github
2024-05-13 17:40:15 Failed to check for update using Github (net::ERR_CONNECTION_REFUSED)
2024-05-13 17:40:15 Checking for update using obsidian.md
2024-05-13 17:40:21 Failed to check for update using obsidian.md (Unexpected end of JSON input)
2024-05-13 18:40:15 Checking for update using Github
2024-05-13 18:40:15 Failed to check for update using Github (net::ERR_CONNECTION_REFUSED)
2024-05-13 18:40:15 Checking for update using obsidian.md
2024-05-13 18:40:16 Failed to check for update using obsidian.md (Unexpected end of JSON input)
2024-05-13 19:40:15 Checking for update using Github
2024-05-13 19:40:15 Failed to check for update using Github (net::ERR_CONNECTION_REFUSED)
2024-05-13 19:40:15 Checking for update using obsidian.md
2024-05-13 19:40:16 Failed to check for update using obsidian.md (Unexpected end of JSON input)
2024-05-13 20:40:15 Checking for update using Github
2024-05-13 20:40:15 Failed to check for update using Github (net::ERR_CONNECTION_REFUSED)
2024-05-13 20:40:15 Checking for update using obsidian.md
2024-05-13 20:40:16 Failed to check for update using obsidian.md (Unexpected end of JSON input)
2024-05-13 21:40:15 Checking for update using Github
2024-05-13 21:40:15 Failed to check for update using Github (net::ERR_CONNECTION_REFUSED)
2024-05-13 21:40:15 Checking for update using obsidian.md
2024-05-13 21:40:16 Failed to check for update using obsidian.md (Unexpected end of JSON input)
2024-05-13 22:40:15 Checking for update using Github
2024-05-13 22:40:15 Failed to check for update using Github (net::ERR_CONNECTION_REFUSED)
2024-05-13 22:40:15 Checking for update using obsidian.md
2024-05-13 22:40:16 Failed to check for update using obsidian.md (Unexpected end of JSON input)
2024-05-13 23:40:16 Checking for update using Github
2024-05-13 23:40:16 Failed to check for update using Github (net::ERR_CONNECTION_REFUSED)
2024-05-13 23:40:16 Checking for update using obsidian.md
2024-05-13 23:40:22 Failed to check for update using obsidian.md (Unexpected end of JSON input)
2024-05-14 00:40:16 Checking for update using Github
2024-05-14 00:40:16 Failed to check for update using Github (net::ERR_CONNECTION_REFUSED)
2024-05-14 00:40:16 Checking for update using obsidian.md
2024-05-14 00:40:18 Failed to check for update using obsidian.md (Unexpected end of JSON input)
2024-05-14 01:40:16 Checking for update using Github
2024-05-14 01:40:16 Failed to check for update using Github (net::ERR_CONNECTION_REFUSED)
2024-05-14 01:40:16 Checking for update using obsidian.md
2024-05-14 01:40:17 Failed to check for update using obsidian.md (Unexpected end of JSON input)
2024-05-14 14:44:28 Loading main app package /usr/lib/obsidian/obsidian.asar
2024-05-14 14:44:29 Checking for update using Github
2024-05-14 14:44:29 Failed to check for update using Github (net::ERR_CONNECTION_REFUSED)
2024-05-14 14:44:29 Checking for update using obsidian.md
2024-05-14 14:44:30 Failed to check for update using obsidian.md (Unexpected end of JSON input)
2024-05-14 15:44:28 Checking for update using Github
2024-05-14 15:44:28 Failed to check for update using Github (net::ERR_CONNECTION_REFUSED)
2024-05-14 15:44:28 Checking for update using obsidian.md
2024-05-14 15:44:30 Failed to check for update using obsidian.md (Unexpected end of JSON input)
2024-05-15 03:08:35 Loading main app package /usr/lib/obsidian/obsidian.asar
2024-05-15 03:08:36 Checking for update using Github
2024-05-15 03:08:36 Failed to check for update using Github (net::ERR_CONNECTION_REFUSED)
2024-05-15 03:08:36 Checking for update using obsidian.md
2024-05-15 03:08:37 Failed to check for update using obsidian.md (Unexpected end of JSON input)
2024-05-15 04:08:35 Checking for update using Github
2024-05-15 04:08:35 Failed to check for update using Github (net::ERR_CONNECTION_REFUSED)
2024-05-15 04:08:35 Checking for update using obsidian.md
2024-05-15 04:08:36 Failed to check for update using obsidian.md (Unexpected end of JSON input)
2024-05-15 05:03:17 Loading main app package /usr/lib/obsidian/obsidian.asar
2024-05-15 05:03:17 Checking for update using Github
2024-05-15 05:03:17 Failed to check for update using Github (net::ERR_CONNECTION_REFUSED)
2024-05-15 05:03:17 Checking for update using obsidian.md
2024-05-15 05:03:18 Failed to check for update using obsidian.md (Unexpected end of JSON input)
2024-05-15 09:27:18 Loading main app package /usr/lib/obsidian/obsidian.asar
2024-05-15 09:27:18 Checking for update using Github
2024-05-15 09:27:18 Failed to check for update using Github (net::ERR_CONNECTION_REFUSED)
2024-05-15 09:27:18 Checking for update using obsidian.md
2024-05-15 09:27:24 Failed to check for update using obsidian.md (Unexpected end of JSON input)
2024-05-15 10:27:18 Checking for update using Github
2024-05-15 10:27:18 Failed to check for update using Github (net::ERR_CONNECTION_REFUSED)
2024-05-15 10:27:18 Checking for update using obsidian.md
2024-05-15 10:27:24 Failed to check for update using obsidian.md (Unexpected end of JSON input)
2024-05-15 11:27:18 Checking for update using Github
2024-05-15 11:27:18 Failed to check for update using Github (net::ERR_CONNECTION_REFUSED)
2024-05-15 11:27:18 Checking for update using obsidian.md
2024-05-15 11:27:19 Failed to check for update using obsidian.md (Unexpected end of JSON input)
2024-05-15 12:27:18 Checking for update using Github
2024-05-15 12:27:18 Failed to check for update using Github (net::ERR_CONNECTION_REFUSED)
2024-05-15 12:27:18 Checking for update using obsidian.md
2024-05-15 12:27:20 Failed to check for update using obsidian.md (Unexpected end of JSON input)
2024-05-15 13:27:18 Checking for update using Github
2024-05-15 13:27:18 Failed to check for update using Github (net::ERR_CONNECTION_REFUSED)
2024-05-15 13:27:18 Checking for update using obsidian.md
2024-05-15 13:27:20 Failed to check for update using obsidian.md (Unexpected end of JSON input)
2024-05-16 01:43:26 Loading main app package /usr/lib/obsidian/obsidian.asar
2024-05-16 01:43:26 Checking for update using Github
2024-05-16 01:43:26 Failed to check for update using Github (net::ERR_CONNECTION_REFUSED)
2024-05-16 01:43:26 Checking for update using obsidian.md
2024-05-16 01:43:27 Failed to check for update using obsidian.md (Unexpected end of JSON input)
2024-05-16 02:07:25 Loading main app package /usr/lib/obsidian/obsidian.asar
2024-05-16 02:07:25 Checking for update using Github
2024-05-16 02:07:25 Failed to check for update using Github (net::ERR_CONNECTION_REFUSED)
2024-05-16 02:07:25 Checking for update using obsidian.md
2024-05-16 02:07:26 Failed to check for update using obsidian.md (Unexpected end of JSON input)
2024-05-19 16:15:05 Loading main app package /usr/lib/obsidian/obsidian.asar
2024-05-19 16:15:05 Checking for update using Github
2024-05-19 16:15:05 Failed to check for update using Github (net::ERR_CONNECTION_REFUSED)
2024-05-19 16:15:05 Checking for update using obsidian.md
2024-05-19 16:15:07 Failed to check for update using obsidian.md (Unexpected end of JSON input)
2024-05-20 01:44:39 Checking for update using Github
2024-05-20 01:44:39 Failed to check for update using Github (net::ERR_CONNECTION_REFUSED)
2024-05-20 01:44:39 Checking for update using obsidian.md
2024-05-20 01:44:40 Failed to check for update using obsidian.md (Unexpected end of JSON input)
2024-05-20 08:12:45 Loading main app package /usr/lib/obsidian/obsidian.asar
2024-05-20 08:12:45 Checking for update using Github
2024-05-20 08:12:45 Failed to check for update using Github (net::ERR_CONNECTION_REFUSED)
2024-05-20 08:12:45 Checking for update using obsidian.md
2024-05-20 08:12:46 Failed to check for update using obsidian.md (Unexpected end of JSON input)
2024-05-21 03:14:12 Loading main app package /usr/lib/obsidian/obsidian.asar
2024-05-21 03:14:12 Checking for update using Github
2024-05-21 03:14:12 Failed to check for update using Github (net::ERR_CONNECTION_REFUSED)
2024-05-21 03:14:12 Checking for update using obsidian.md
2024-05-21 03:14:13 Failed to check for update using obsidian.md (Unexpected end of JSON input)
2024-05-21 08:36:09 Loading main app package /usr/lib/obsidian/obsidian.asar
2024-05-21 08:36:09 Checking for update using Github
2024-05-21 08:36:09 Failed to check for update using Github (net::ERR_CONNECTION_REFUSED)
2024-05-21 08:36:09 Checking for update using obsidian.md
2024-05-21 08:36:10 Failed to check for update using obsidian.md (Unexpected end of JSON input)
2024-05-22 02:08:00 Loading main app package /usr/lib/obsidian/obsidian.asar
2024-05-22 02:08:00 Checking for update using Github
2024-05-22 02:08:00 Failed to check for update using Github (net::ERR_CONNECTION_REFUSED)
2024-05-22 02:08:00 Checking for update using obsidian.md
2024-05-22 02:08:01 Failed to check for update using obsidian.md (Unexpected end of JSON input)
2024-05-22 02:42:00 Loading main app package /usr/lib/obsidian/obsidian.asar
2024-05-22 02:42:01 Checking for update using Github
2024-05-22 02:42:01 Failed to check for update using Github (net::ERR_CONNECTION_REFUSED)
2024-05-22 02:42:01 Checking for update using obsidian.md
2024-05-22 02:42:02 Failed to check for update using obsidian.md (Unexpected end of JSON input)
2024-05-22 04:11:51 Checking for update using Github
2024-05-22 04:11:51 Failed to check for update using Github (net::ERR_CONNECTION_REFUSED)
2024-05-22 04:11:51 Checking for update using obsidian.md
2024-05-22 04:11:52 Failed to check for update using obsidian.md (Unexpected end of JSON input)
2024-05-22 05:34:26 Checking for update using Github
2024-05-22 05:34:26 Failed to check for update using Github (net::ERR_CONNECTION_REFUSED)
2024-05-22 05:34:26 Checking for update using obsidian.md
2024-05-22 05:34:27 Failed to check for update using obsidian.md (Unexpected end of JSON input)
2024-05-22 06:24:56 Loading main app package /usr/lib/obsidian/obsidian.asar
2024-05-22 06:24:57 Checking for update using Github
2024-05-22 06:24:57 Failed to check for update using Github (net::ERR_CONNECTION_REFUSED)
2024-05-22 06:24:57 Checking for update using obsidian.md
2024-05-22 06:24:58 Failed to check for update using obsidian.md (Unexpected end of JSON input)
2024-05-22 06:49:17 Loading main app package /usr/lib/obsidian/obsidian.asar
2024-05-22 06:49:17 Checking for update using Github
2024-05-22 06:49:17 Failed to check for update using Github (net::ERR_CONNECTION_REFUSED)
2024-05-22 06:49:17 Checking for update using obsidian.md
2024-05-22 06:49:18 Failed to check for update using obsidian.md (Unexpected end of JSON input)
2024-05-22 07:17:18 Loading main app package /usr/lib/obsidian/obsidian.asar
2024-05-22 07:17:19 Checking for update using Github
2024-05-22 07:17:19 Failed to check for update using Github (net::ERR_CONNECTION_REFUSED)
2024-05-22 07:17:19 Checking for update using obsidian.md
2024-05-22 07:17:20 Failed to check for update using obsidian.md (Unexpected end of JSON input)
2024-05-22 07:21:57 Loading main app package /usr/lib/obsidian/obsidian.asar
2024-05-22 07:21:58 Checking for update using Github
2024-05-22 07:22:12 Loading main app package /usr/lib/obsidian/obsidian.asar
2024-05-22 07:22:12 Checking for update using Github
2024-05-22 07:22:12 Failed to check for update using Github (net::ERR_CONNECTION_REFUSED)
2024-05-22 07:22:12 Checking for update using obsidian.md
2024-05-22 07:22:13 Failed to check for update using obsidian.md (Unexpected end of JSON input)
2024-05-23 12:53:04 Loading main app package /usr/lib/obsidian/obsidian.asar
2024-05-23 12:53:04 Checking for update using Github
2024-05-23 12:53:05 Failed to check for update using Github (net::ERR_INTERNET_DISCONNECTED)
2024-05-23 12:53:05 Checking for update using obsidian.md
2024-05-23 12:53:05 Failed to check for update using obsidian.md (net::ERR_INTERNET_DISCONNECTED)
2024-05-23 13:05:18 Loading main app package /usr/lib/obsidian/obsidian.asar
2024-05-23 13:05:19 Checking for update using Github
2024-05-23 13:05:19 Failed to check for update using Github (net::ERR_INTERNET_DISCONNECTED)
2024-05-23 13:05:19 Checking for update using obsidian.md
2024-05-23 13:05:19 Failed to check for update using obsidian.md (net::ERR_INTERNET_DISCONNECTED)
2024-05-24 02:05:16 Checking for update using Github
2024-05-24 02:05:16 Failed to check for update using Github (net::ERR_CONNECTION_REFUSED)
2024-05-24 02:05:16 Checking for update using obsidian.md
2024-05-24 02:05:17 Failed to check for update using obsidian.md (Unexpected end of JSON input)
2024-05-24 02:39:42 Loading main app package /usr/lib/obsidian/obsidian.asar
2024-05-24 02:39:43 Checking for update using Github
2024-05-24 02:39:43 Failed to check for update using Github (net::ERR_CONNECTION_REFUSED)
2024-05-24 02:39:43 Checking for update using obsidian.md
2024-05-24 02:39:44 Failed to check for update using obsidian.md (Unexpected end of JSON input)
2024-05-25 06:03:30 Loading main app package /usr/lib/obsidian/obsidian.asar
2024-05-25 06:03:30 Checking for update using Github
2024-05-25 06:03:30 Failed to check for update using Github (net::ERR_CONNECTION_REFUSED)
2024-05-25 06:03:30 Checking for update using obsidian.md
2024-05-25 06:03:31 Failed to check for update using obsidian.md (Unexpected end of JSON input)
2024-05-25 07:03:30 Checking for update using Github
2024-05-25 07:03:30 Failed to check for update using Github (net::ERR_CONNECTION_REFUSED)
2024-05-25 07:03:30 Checking for update using obsidian.md
2024-05-25 07:03:31 Failed to check for update using obsidian.md (Unexpected end of JSON input)
2024-05-25 08:03:30 Checking for update using Github
2024-05-25 08:03:30 Failed to check for update using Github (net::ERR_CONNECTION_REFUSED)
2024-05-25 08:03:30 Checking for update using obsidian.md
2024-05-25 08:03:31 Failed to check for update using obsidian.md (Unexpected end of JSON input)
2024-05-25 09:03:30 Checking for update using Github
2024-05-25 09:03:30 Failed to check for update using Github (net::ERR_CONNECTION_REFUSED)
2024-05-25 09:03:30 Checking for update using obsidian.md
2024-05-25 09:03:31 Failed to check for update using obsidian.md (Unexpected end of JSON input)
2024-05-27 13:50:01 Loading main app package /usr/lib/obsidian/obsidian.asar
2024-05-27 13:50:01 Checking for update using Github
2024-05-27 13:50:01 Failed to check for update using Github (net::ERR_CONNECTION_REFUSED)
2024-05-27 13:50:01 Checking for update using obsidian.md
2024-05-29 15:25:23 Loading main app package /usr/lib/obsidian/obsidian.asar
2024-05-29 15:25:23 Checking for update using Github
2024-05-29 15:25:23 Failed to check for update using Github (net::ERR_CONNECTION_REFUSED)
2024-05-29 15:25:23 Checking for update using obsidian.md
2024-05-29 15:25:25 Failed to check for update using obsidian.md (Unexpected end of JSON input)
2024-05-30 07:50:34 Loading main app package /usr/lib/obsidian/obsidian.asar
2024-05-30 07:50:34 Checking for update using Github
2024-05-30 07:50:34 Failed to check for update using Github (net::ERR_CONNECTION_REFUSED)
2024-05-30 07:50:34 Checking for update using obsidian.md
2024-05-30 07:50:35 Failed to check for update using obsidian.md (Unexpected end of JSON input)
2024-05-31 05:10:50 Loading main app package /usr/lib/obsidian/obsidian.asar
2024-05-31 05:10:50 Checking for update using Github
2024-05-31 05:10:50 Failed to check for update using Github (net::ERR_CONNECTION_REFUSED)
2024-05-31 05:10:50 Checking for update using obsidian.md
2024-05-31 05:10:51 Failed to check for update using obsidian.md (Unexpected end of JSON input)
2024-06-02 12:02:23 Loading main app package /usr/lib/obsidian/obsidian.asar
2024-06-02 12:02:24 Checking for update using Github
2024-06-02 12:02:24 Failed to check for update using Github (net::ERR_CONNECTION_REFUSED)
2024-06-02 12:02:24 Checking for update using obsidian.md
2024-06-02 12:02:25 Failed to check for update using obsidian.md (Unexpected end of JSON input)
2024-06-02 12:28:07 Loading main app package /usr/lib/obsidian/obsidian.asar
2024-06-02 12:28:07 Checking for update using Github
2024-06-02 12:28:08 Failed to check for update using Github (net::ERR_CONNECTION_REFUSED)
2024-06-02 12:28:08 Checking for update using obsidian.md
2024-06-02 12:28:10 Failed to check for update using obsidian.md (Unexpected end of JSON input)
2024-06-02 12:48:54 Loading main app package /usr/lib/obsidian/obsidian.asar
2024-06-02 12:48:55 Checking for update using Github
2024-06-02 12:48:55 Failed to check for update using Github (net::ERR_CONNECTION_REFUSED)
2024-06-02 12:48:55 Checking for update using obsidian.md
2024-06-02 12:48:56 Failed to check for update using obsidian.md (Unexpected end of JSON input)
2024-06-02 13:05:15 Loading main app package /usr/lib/obsidian/obsidian.asar
2024-06-02 13:05:15 Checking for update using Github
2024-06-02 13:05:15 Failed to check for update using Github (net::ERR_CONNECTION_REFUSED)
2024-06-02 13:05:15 Checking for update using obsidian.md
2024-06-02 13:05:16 Failed to check for update using obsidian.md (Unexpected end of JSON input)
2024-06-05 06:56:29 Loading main app package /usr/lib/obsidian/obsidian.asar
2024-06-05 06:56:29 Checking for update using Github
2024-06-05 06:56:29 Failed to check for update using Github (net::ERR_CONNECTION_REFUSED)
2024-06-05 06:56:29 Checking for update using obsidian.md
2024-06-05 06:56:31 Failed to check for update using obsidian.md (Unexpected end of JSON input)
2024-06-05 06:56:59 Loading main app package /usr/lib/obsidian/obsidian.asar
2024-06-05 06:56:59 Checking for update using Github
2024-06-05 06:57:00 Success.
2024-06-05 06:57:00 Latest version is 1.5.12
2024-06-05 06:57:00 App is up to date.
2024-06-05 06:57:10 Checking for update using Github
2024-06-05 06:57:10 Success.
2024-06-05 06:57:10 Latest version is 1.5.12
2024-06-05 06:57:10 App is up to date.
2024-06-05 07:02:04 Loading main app package /usr/lib/obsidian/obsidian.asar
2024-06-05 07:02:04 Checking for update using Github
2024-06-05 07:05:07 Loading main app package /usr/lib/obsidian/obsidian.asar
2024-06-05 07:05:07 Checking for update using Github
2024-06-05 07:05:07 Failed to check for update using Github (net::ERR_CONNECTION_REFUSED)
2024-06-05 07:05:07 Checking for update using obsidian.md
2024-06-05 07:05:08 Failed to check for update using obsidian.md (Unexpected end of JSON input)
2024-06-05 07:07:28 Loading main app package /usr/lib/obsidian/obsidian.asar
2024-06-05 07:07:29 Checking for update using Github
2024-06-05 07:07:29 Failed to check for update using Github (net::ERR_CONNECTION_REFUSED)
2024-06-05 07:07:29 Checking for update using obsidian.md
2024-06-05 07:07:30 Failed to check for update using obsidian.md (Unexpected end of JSON input)
2024-06-05 07:08:22 Loading main app package /usr/lib/obsidian/obsidian.asar
2024-06-05 07:08:22 Checking for update using Github
2024-06-05 07:08:22 Failed to check for update using Github (net::ERR_CONNECTION_REFUSED)
2024-06-05 07:08:22 Checking for update using obsidian.md
2024-06-05 07:08:27 Failed to check for update using obsidian.md (Unexpected end of JSON input)
2024-06-06 03:13:17 Loading main app package /usr/lib/obsidian/obsidian.asar
2024-06-06 03:13:17 Checking for update using Github
2024-06-06 03:13:17 Failed to check for update using Github (net::ERR_CONNECTION_REFUSED)
2024-06-06 03:13:17 Checking for update using obsidian.md
2024-06-06 03:13:18 Failed to check for update using obsidian.md (Unexpected end of JSON input)
2024-06-06 10:41:56 Loading main app package /usr/lib/obsidian/obsidian.asar
2024-06-06 10:41:56 Checking for update using Github
2024-06-06 10:41:56 Failed to check for update using Github (net::ERR_CONNECTION_REFUSED)
2024-06-06 10:41:56 Checking for update using obsidian.md
2024-06-06 10:41:57 Failed to check for update using obsidian.md (Unexpected end of JSON input)
2024-06-06 10:48:49 Loading main app package /usr/lib/obsidian/obsidian.asar
2024-06-06 10:48:50 Checking for update using Github
2024-06-06 10:48:50 Failed to check for update using Github (net::ERR_CONNECTION_REFUSED)
2024-06-06 10:48:50 Checking for update using obsidian.md
2024-06-06 10:48:51 Failed to check for update using obsidian.md (Unexpected end of JSON input)
2024-06-06 12:32:06 Loading main app package /usr/lib/obsidian/obsidian.asar
2024-06-06 12:32:06 Checking for update using Github
2024-06-06 12:32:07 Failed to check for update using Github (net::ERR_CONNECTION_REFUSED)
2024-06-06 12:32:07 Checking for update using obsidian.md
2024-06-06 12:32:07 Failed to check for update using obsidian.md (Unexpected end of JSON input)
2024-06-06 14:16:06 Loading main app package /usr/lib/obsidian/obsidian.asar
2024-06-06 14:16:07 Checking for update using Github
2024-06-06 14:16:07 Failed to check for update using Github (net::ERR_CONNECTION_REFUSED)
2024-06-06 14:16:07 Checking for update using obsidian.md
2024-06-06 14:16:08 Failed to check for update using obsidian.md (Unexpected end of JSON input)
2024-06-07 02:32:51 Loading main app package /usr/lib/obsidian/obsidian.asar
2024-06-07 02:32:52 Checking for update using Github
2024-06-07 02:32:52 Failed to check for update using Github (net::ERR_CONNECTION_REFUSED)
2024-06-07 02:32:52 Checking for update using obsidian.md
2024-06-07 02:32:53 Failed to check for update using obsidian.md (Unexpected end of JSON input)
2024-06-07 03:32:52 Checking for update using Github
2024-06-07 03:32:52 Failed to check for update using Github (net::ERR_CONNECTION_REFUSED)
2024-06-07 03:32:52 Checking for update using obsidian.md
2024-06-07 03:32:52 Failed to check for update using obsidian.md (Unexpected end of JSON input)
2024-06-07 04:42:36 Loading main app package /usr/lib/obsidian/obsidian.asar
2024-06-07 04:42:37 Checking for update using Github
2024-06-07 04:42:37 Failed to check for update using Github (net::ERR_CONNECTION_REFUSED)
2024-06-07 04:42:37 Checking for update using obsidian.md
2024-06-07 04:42:38 Failed to check for update using obsidian.md (Unexpected end of JSON input)
2024-06-07 05:42:36 Checking for update using Github
2024-06-07 05:42:36 Failed to check for update using Github (net::ERR_CONNECTION_REFUSED)
2024-06-07 05:42:36 Checking for update using obsidian.md
2024-06-07 05:42:37 Failed to check for update using obsidian.md (Unexpected end of JSON input)
2024-06-07 06:42:36 Checking for update using Github
2024-06-07 06:42:36 Failed to check for update using Github (net::ERR_CONNECTION_REFUSED)
2024-06-07 06:42:36 Checking for update using obsidian.md
2024-06-07 06:42:37 Failed to check for update using obsidian.md (Unexpected end of JSON input)
2024-06-07 08:14:54 Checking for update using Github
2024-06-07 08:14:54 Failed to check for update using Github (net::ERR_CONNECTION_REFUSED)
2024-06-07 08:14:54 Checking for update using obsidian.md
2024-06-07 08:14:55 Failed to check for update using obsidian.md (Unexpected end of JSON input)
2024-06-07 09:14:54 Checking for update using Github
2024-06-07 09:14:54 Failed to check for update using Github (net::ERR_CONNECTION_REFUSED)
2024-06-07 09:14:54 Checking for update using obsidian.md
2024-06-07 09:14:56 Failed to check for update using obsidian.md (Unexpected end of JSON input)
2024-06-09 11:31:57 Loading main app package /usr/lib/obsidian/obsidian.asar
2024-06-09 11:31:58 Checking for update using Github
2024-06-09 11:31:58 Failed to check for update using Github (net::ERR_CONNECTION_REFUSED)
2024-06-09 11:31:58 Checking for update using obsidian.md
2024-06-09 11:31:59 Failed to check for update using obsidian.md (Unexpected end of JSON input)
2024-06-09 13:45:46 Loading main app package /usr/lib/obsidian/obsidian.asar
2024-06-09 13:45:47 Checking for update using Github
2024-06-09 13:45:47 Failed to check for update using Github (net::ERR_INTERNET_DISCONNECTED)
2024-06-09 13:45:47 Checking for update using obsidian.md
2024-06-09 13:45:47 Failed to check for update using obsidian.md (net::ERR_INTERNET_DISCONNECTED)
2024-06-12 03:22:44 Loading main app package /usr/lib/obsidian/obsidian.asar
2024-06-12 03:22:44 Checking for update using Github
2024-06-12 03:22:44 Failed to check for update using Github (net::ERR_CONNECTION_REFUSED)
2024-06-12 03:22:44 Checking for update using obsidian.md
2024-06-12 03:22:45 Failed to check for update using obsidian.md (Unexpected end of JSON input)
